stm32l0xx_ll_rcc.h:782:22:LL_RCC_HSI_Enable	8	static
stm32l0xx_ll_rcc.h:802:26:LL_RCC_HSI_IsReady	8	static
stm32l0xx_ll_rcc.h:893:22:LL_RCC_HSI_SetCalibTrimming	16	static
stm32l0xx_ll_rcc.h:1275:22:LL_RCC_SetSysClkSource	16	static
stm32l0xx_ll_rcc.h:1289:26:LL_RCC_GetSysClkSource	8	static
stm32l0xx_ll_rcc.h:1309:22:LL_RCC_SetAHBPrescaler	16	static
stm32l0xx_ll_rcc.h:1325:22:LL_RCC_SetAPB1Prescaler	16	static
stm32l0xx_ll_rcc.h:1341:22:LL_RCC_SetAPB2Prescaler	16	static
stm32l0xx_ll_rcc.h:1481:22:LL_RCC_SetUSARTClockSource	16	static
stm32l0xx_ll_bus.h:440:22:LL_APB1_GRP1_EnableClock	24	static
stm32l0xx_ll_bus.h:786:22:LL_APB2_GRP1_EnableClock	24	static
stm32l0xx_ll_system.h:912:22:LL_FLASH_SetLatency	16	static
stm32l0xx_ll_system.h:924:26:LL_FLASH_GetLatency	8	static
stm32l0xx_ll_cortex.h:232:22:LL_SYSTICK_SetClkSource	16	static
stm32l0xx_ll_pwr.h:272:22:LL_PWR_SetRegulVoltageScaling	16	static
stm32l0xx_ll_usart.h:2619:26:LL_USART_IsActiveFlag_TXE	16	static
stm32l0xx_ll_usart.h:2985:22:LL_USART_EnableIT_RXNE	16	static
stm32l0xx_ll_usart.h:3616:22:LL_USART_TransmitData8	16	static
stm32l0xx_ll_gpio.h:843:22:LL_GPIO_SetOutputPin	16	static
stm32l0xx_ll_gpio.h:872:22:LL_GPIO_ResetOutputPin	16	static
main.c:68:5:main	24	static
main.c:181:6:SystemClock_Config	8	static
main.c:217:5:_write	32	static
main.c:233:6:Error_Handler	8	static
