stm32l0xx_ll_usart.h:2597:26:LL_USART_IsActiveFlag_RXNE	16	static
stm32l0xx_ll_usart.h:3593:25:LL_USART_ReceiveData8	16	static
stm32l0xx_it.c:71:6:NMI_Handler	8	static
stm32l0xx_it.c:84:6:HardFault_Handler	8	static
stm32l0xx_it.c:99:6:SVC_Handler	8	static
stm32l0xx_it.c:112:6:PendSV_Handler	8	static
stm32l0xx_it.c:125:6:SysTick_Handler	8	static
stm32l0xx_it.c:147:6:USART2_IRQHandler	8	static
stm32l0xx_it.c:162:6:getchInit	8	static
stm32l0xx_it.c:169:9:getch	16	static,ignoring_inline_asm
stm32l0xx_it.c:187:5:kbhit	8	static
